 miniycwatcher

 Timestamp is 62640edc (Sat Apr 23 22:36:12 2022)

 Preferred load address is 0000000140000000

 Start         Length     Name                   Class
 0001:00000000 00001750H .text$mn                CODE
 0001:00001750 00000040H .text$mn$00             CODE
 0001:00001790 00000120H .text$s                 CODE
 0001:000018b0 00000023H .text$x                 CODE
 0002:00000000 00000158H .idata$5                DATA
 0002:00000158 00000028H .00cfg                  DATA
 0002:00000180 00000030H .gfids                  DATA
 0002:000001ac 00000000H .gfids$y                DATA
 0002:000001b0 00000178H .rdata                  DATA
 0002:00000328 00000238H .rdata$zzzdbg           DATA
 0002:00000560 000001d0H .xdata                  DATA
 0003:00000000 00000040H .data                   DATA
 0003:00000040 00000548H .bss                    DATA
 0004:00000000 00000228H .pdata                  DATA
 0005:00000000 000005b0H PAGE                    CODE
 0005:000005b0 000000b0H PAGE$s                  CODE
 0005:00000660 000000afH PAGE$x                  CODE
 0006:00000000 000004c0H INIT                    CODE
 0006:000004c0 000000a0H INIT$s                  CODE
 0006:00000560 00000054H INIT$x                  CODE
 0006:000005b4 00000028H .idata$2                CODE
 0006:000005dc 00000014H .idata$3                CODE
 0006:000005f0 00000158H .idata$4                CODE
 0006:00000748 000003f6H .idata$6                CODE
 0007:00000000 000001a0H INIT                    DATA
 0008:00000000 000000b0H .rsrc$01                DATA
 0008:000000b0 000003a8H .rsrc$02                DATA

  Address         Publics by Value              Rva+Base               Lib:Object

 0000:00000000       __x64_code_ranges_to_entry_points 0000000000000000     <absolute>
 0000:00000000       __arm64x_extra_rfe_table   0000000000000000     <absolute>
 0000:00000000       ___safe_se_handler_table   0000000000000000     <absolute>
 0000:00000000       __x64_code_ranges_to_entry_points_count 0000000000000000     <absolute>
 0000:00000000       __hybrid_code_map          0000000000000000     <absolute>
 0000:00000000       __volatile_metadata        0000000000000000     <absolute>
 0000:00000000       __hybrid_code_map_count    0000000000000000     <absolute>
 0000:00000000       __arm64x_extra_rfe_table_size 0000000000000000     <absolute>
 0000:00000000       ___safe_se_handler_count   0000000000000000     <absolute>
 0000:00000000       __arm64x_redirection_metadata 0000000000000000     <absolute>
 0000:00000000       __guard_iat_table          0000000000000000     <absolute>
 0000:00000000       __guard_longjmp_table      0000000000000000     <absolute>
 0000:00000000       __guard_iat_count          0000000000000000     <absolute>
 0000:00000000       __guard_longjmp_count      0000000000000000     <absolute>
 0000:00000000       __dynamic_value_reloc_table 0000000000000000     <absolute>
 0000:00000000       __hybrid_auxiliary_iat     0000000000000000     <absolute>
 0000:00000000       __hybrid_auxiliary_iat_copy 0000000000000000     <absolute>
 0000:00000000       __arm64x_native_entrypoint 0000000000000000     <absolute>
 0000:00000000       __guard_eh_cont_count      0000000000000000     <absolute>
 0000:00000000       __guard_eh_cont_table      0000000000000000     <absolute>
 0000:00000000       __AbsoluteZero             0000000000000000     <absolute>
 0000:00000000       __guard_check_icall_a64n_fptr 0000000000000000     <absolute>
 0000:00000000       __enclave_config           0000000000000000     <absolute>
 0000:00000000       __arm64x_redirection_metadata_count 0000000000000000     <absolute>
 0000:0000000b       __guard_fids_count         000000000000000b     <absolute>
 0000:00014500       __guard_flags              0000000000014500     <absolute>
 0001:00000000       ExInitializeNPagedLookasideList_NXPoolOptIn 0000000140001000 f i minispy.obj
 0001:00000070       InitializeListHead         0000000140001070 f i minispy.obj
 0001:000000a0       SpyExceptionFilter         00000001400010a0 f   minispy.obj
 0001:000000f0       SpyPostOperationCallback   00000001400010f0 f   minispy.obj
 0001:00000190       SpyPreOperationCallback    0000000140001190 f   minispy.obj
 0001:000004a0       YCStreamContextCleanupCallback 00000001400014a0 f   minispy.obj
 0001:00000540       ExAllocateFromNPagedLookasideList 0000000140001540 f i mspyLib.obj
 0001:000005d0       ExFreeToNPagedLookasideList 00000001400015d0 f i mspyLib.obj
 0001:00000660       FatalListEntryError        0000000140001660 f i mspyLib.obj
 0001:00000690       InsertHeadList             0000000140001690 f i mspyLib.obj
 0001:00000720       InsertTailList             0000000140001720 f i mspyLib.obj
 0001:000007b0       IsListEmpty                00000001400017b0 f i mspyLib.obj
 0001:000007e0       RemoveHeadList             00000001400017e0 f i mspyLib.obj
 0001:00000870       RtlFailFast                0000000140001870 f i mspyLib.obj
 0001:00000880       RtlpCheckListEntry         0000000140001880 f i mspyLib.obj
 0001:000008e0       SpyAddRecordName           00000001400018e0 f   mspyLib.obj
 0001:00000a10       SpyAllocateBuffer          0000000140001a10 f   mspyLib.obj
 0001:00000a90       SpyEmptyOutputBufferList   0000000140001a90 f   mspyLib.obj
 0001:00000b20       SpyFreeBuffer              0000000140001b20 f   mspyLib.obj
 0001:00000b50       SpyFreeRecord              0000000140001b50 f   mspyLib.obj
 0001:00000bc0       SpyGetEventType            0000000140001bc0 f   mspyLib.obj
 0001:00001150       SpyGetLog                  0000000140002150 f   mspyLib.obj
 0001:000013b0       SpyIsWatchedPath           00000001400023b0 f   mspyLib.obj
 0001:00001400       SpyLog                     0000000140002400 f   mspyLib.obj
 0001:00001450       SpyLogPostOperationData    0000000140002450 f   mspyLib.obj
 0001:00001490       SpyLogPreOperationData     0000000140002490 f   mspyLib.obj
 0001:000014e0       SpyNewRecord               00000001400024e0 f   mspyLib.obj
 0001:00001590       SpyUpdateWatchedPath       0000000140002590 f   mspyLib.obj
 0001:00001620       __security_check_cookie    0000000140002620 f   BufferOverflowFastFailK:amdsecgs.obj
 0001:00001640       __report_gsfailure         0000000140002640 f   BufferOverflowFastFailK:gs_report.obj
 0001:00001650       _guard_check_icall_nop     0000000140002650 f i BufferOverflowFastFailK:guard_check.obj
 0001:00001660       __C_specific_handler       0000000140002660 f   ntoskrnl:ntoskrnl.exe
 0001:00001666       _snwprintf                 0000000140002666 f   ntoskrnl:ntoskrnl.exe
 0001:0000166c       __GSHandlerCheck           000000014000266c f   ntoskrnl:gshandler.obj
 0001:0000168c       __GSHandlerCheckCommon     000000014000268c f   ntoskrnl:gshandler.obj
 0001:000016ec       FltRegisterFilter          00000001400026ec f   fltMgr:FLTMGR.SYS
 0001:000016f2       FltUnregisterFilter        00000001400026f2 f   fltMgr:FLTMGR.SYS
 0001:000016f8       FltStartFiltering          00000001400026f8 f   fltMgr:FLTMGR.SYS
 0001:000016fe       FltGetFileNameInformation  00000001400026fe f   fltMgr:FLTMGR.SYS
 0001:00001704       FltReleaseFileNameInformation 0000000140002704 f   fltMgr:FLTMGR.SYS
 0001:0000170a       FltGetDestinationFileNameInformation 000000014000270a f   fltMgr:FLTMGR.SYS
 0001:00001710       FltCreateCommunicationPort 0000000140002710 f   fltMgr:FLTMGR.SYS
 0001:00001716       FltCloseCommunicationPort  0000000140002716 f   fltMgr:FLTMGR.SYS
 0001:0000171c       FltCloseClientPort         000000014000271c f   fltMgr:FLTMGR.SYS
 0001:00001722       FltBuildDefaultSecurityDescriptor 0000000140002722 f   fltMgr:FLTMGR.SYS
 0001:00001728       FltFreeSecurityDescriptor  0000000140002728 f   fltMgr:FLTMGR.SYS
 0001:0000172e       FltQueryInformationFile    000000014000272e f   fltMgr:FLTMGR.SYS
 0001:00001734       FltAllocateContext         0000000140002734 f   fltMgr:FLTMGR.SYS
 0001:0000173a       FltSetStreamContext        000000014000273a f   fltMgr:FLTMGR.SYS
 0001:00001740       FltGetStreamContext        0000000140002740 f   fltMgr:FLTMGR.SYS
 0001:00001746       FltReleaseContext          0000000140002746 f   fltMgr:FLTMGR.SYS
 0001:00001760       _guard_dispatch_icall_nop  0000000140002760 f   BufferOverflowFastFailK:guard_dispatch.obj
 0001:00001780       _guard_xfg_dispatch_icall_nop 0000000140002780 f   BufferOverflowFastFailK:guard_xfg_dispatch.obj
 0001:00001790       ??_C@_0DJ@OFFDKPKL@D?3?2VSProject?2MiniYCWatcher?2Mini@FNODOBFM@ 0000000140002790     minispy.obj
 0001:000017d0       ??_C@_0CC@IFFJKFAK@ContextType?5?$DN?$DN?5FLT_STREAM_CONTE@FNODOBFM@ 00000001400027d0     minispy.obj
 0001:00001800       ??_C@_17JJNMJOBL@?$AA?$CF?$AAw?$AAZ@FNODOBFM@ 0000000140002800     mspyLib.obj
 0001:00001810       ??_C@_0BC@DKPIJGKH@Allocate?5Context?6@FNODOBFM@ 0000000140002810     mspyLib.obj
 0001:00001830       ??_C@_0BP@MOCHLFKO@Candidate?5Overwrite?5File?3?5?$CFwZ?6@FNODOBFM@ 0000000140002830     mspyLib.obj
 0001:00001850       ??_C@_0BN@JOLPJDPF@Candidate?5Deleted?5File?3?5?$CFwZ?6@FNODOBFM@ 0000000140002850     mspyLib.obj
 0001:00001870       ??_C@_0BF@LMEEEJEN@FIND?5OVERWRITE?3?5?$CFwZ?6@FNODOBFM@ 0000000140002870     mspyLib.obj
 0001:00001890       ??_C@_0BD@FFBLJNND@FIND?5DELETED?3?5?$CFwZ?6@FNODOBFM@ 0000000140002890     mspyLib.obj
 0002:00000000       __imp_FltGetStreamContext  0000000140003000     fltMgr:FLTMGR.SYS
 0002:00000008       __imp_FltSetStreamContext  0000000140003008     fltMgr:FLTMGR.SYS
 0002:00000010       __imp_FltAllocateContext   0000000140003010     fltMgr:FLTMGR.SYS
 0002:00000018       __imp_FltQueryInformationFile 0000000140003018     fltMgr:FLTMGR.SYS
 0002:00000020       __imp_FltFreeSecurityDescriptor 0000000140003020     fltMgr:FLTMGR.SYS
 0002:00000028       __imp_FltBuildDefaultSecurityDescriptor 0000000140003028     fltMgr:FLTMGR.SYS
 0002:00000030       __imp_FltCloseClientPort   0000000140003030     fltMgr:FLTMGR.SYS
 0002:00000038       __imp_FltCloseCommunicationPort 0000000140003038     fltMgr:FLTMGR.SYS
 0002:00000040       __imp_FltCreateCommunicationPort 0000000140003040     fltMgr:FLTMGR.SYS
 0002:00000048       __imp_FltGetDestinationFileNameInformation 0000000140003048     fltMgr:FLTMGR.SYS
 0002:00000050       __imp_FltReleaseFileNameInformation 0000000140003050     fltMgr:FLTMGR.SYS
 0002:00000058       __imp_FltGetFileNameInformation 0000000140003058     fltMgr:FLTMGR.SYS
 0002:00000060       __imp_FltStartFiltering    0000000140003060     fltMgr:FLTMGR.SYS
 0002:00000068       __imp_FltUnregisterFilter  0000000140003068     fltMgr:FLTMGR.SYS
 0002:00000070       __imp_FltRegisterFilter    0000000140003070     fltMgr:FLTMGR.SYS
 0002:00000078       __imp_FltReleaseContext    0000000140003078     fltMgr:FLTMGR.SYS
 0002:00000080       \177FLTMGR_NULL_THUNK_DATA 0000000140003080     fltMgr:FLTMGR.SYS
 0002:00000088       __imp_ExQueryDepthSList    0000000140003088     ntoskrnl:ntoskrnl.exe
 0002:00000090       __imp_ExpInterlockedPopEntrySList 0000000140003090     ntoskrnl:ntoskrnl.exe
 0002:00000098       __imp_ExpInterlockedPushEntrySList 0000000140003098     ntoskrnl:ntoskrnl.exe
 0002:000000a0       __imp_KeReleaseSpinLock    00000001400030a0     ntoskrnl:ntoskrnl.exe
 0002:000000a8       __imp_ZwOpenKey            00000001400030a8     ntoskrnl:ntoskrnl.exe
 0002:000000b0       __imp_ZwQueryValueKey      00000001400030b0     ntoskrnl:ntoskrnl.exe
 0002:000000b8       __imp_RtlUpcaseUnicodeString 00000001400030b8     ntoskrnl:ntoskrnl.exe
 0002:000000c0       __imp_FsRtlIsNameInExpression 00000001400030c0     ntoskrnl:ntoskrnl.exe
 0002:000000c8       __imp_KeAcquireSpinLockRaiseToDpc 00000001400030c8     ntoskrnl:ntoskrnl.exe
 0002:000000d0       __imp_RtlFreeUnicodeString 00000001400030d0     ntoskrnl:ntoskrnl.exe
 0002:000000d8       __imp__snwprintf           00000001400030d8     ntoskrnl:ntoskrnl.exe
 0002:000000e0       __imp___C_specific_handler 00000001400030e0     ntoskrnl:ntoskrnl.exe
 0002:000000e8       __imp_FsRtlIsNtstatusExpected 00000001400030e8     ntoskrnl:ntoskrnl.exe
 0002:000000f0       __imp_PsGetCurrentThreadId 00000001400030f0     ntoskrnl:ntoskrnl.exe
 0002:000000f8       __imp_PsGetCurrentProcessId 00000001400030f8     ntoskrnl:ntoskrnl.exe
 0002:00000100       __imp_IoIs32bitProcess     0000000140003100     ntoskrnl:ntoskrnl.exe
 0002:00000108       __imp_ExDeleteNPagedLookasideList 0000000140003108     ntoskrnl:ntoskrnl.exe
 0002:00000110       __imp_ExInitializeNPagedLookasideList 0000000140003110     ntoskrnl:ntoskrnl.exe
 0002:00000118       __imp_KeInitializeSpinLock 0000000140003118     ntoskrnl:ntoskrnl.exe
 0002:00000120       __imp_KeGetCurrentIrql     0000000140003120     ntoskrnl:ntoskrnl.exe
 0002:00000128       __imp_RtlSetDaclSecurityDescriptor 0000000140003128     ntoskrnl:ntoskrnl.exe
 0002:00000130       __imp_DbgPrintEx           0000000140003130     ntoskrnl:ntoskrnl.exe
 0002:00000138       __imp_RtlInitUnicodeString 0000000140003138     ntoskrnl:ntoskrnl.exe
 0002:00000140       __imp_ZwClose              0000000140003140     ntoskrnl:ntoskrnl.exe
 0002:00000148       __imp_RtlAssert            0000000140003148     ntoskrnl:ntoskrnl.exe
 0002:00000150       \177ntoskrnl_NULL_THUNK_DATA 0000000140003150     ntoskrnl:ntoskrnl.exe
 0002:00000158       __guard_check_icall_fptr   0000000140003158     BufferOverflowFastFailK:guard_support.obj
 0002:00000160       __guard_dispatch_icall_fptr 0000000140003160     BufferOverflowFastFailK:guard_support.obj
 0002:00000168       __guard_xfg_check_icall_fptr 0000000140003168     BufferOverflowFastFailK:guard_support.obj
 0002:00000170       __guard_xfg_dispatch_icall_fptr 0000000140003170     BufferOverflowFastFailK:guard_support.obj
 0002:00000178       __guard_xfg_table_dispatch_icall_fptr 0000000140003178     BufferOverflowFastFailK:guard_support.obj
 0002:00000180       __guard_fids_table         0000000140003180     <linker-defined>
 0002:000001f0       _load_config_used          00000001400031f0     BufferOverflowFastFailK:loadcfg.obj
 0003:00000000       __security_cookie          0000000140004000     BufferOverflowFastFailK:gs_support.obj
 0003:00000008       __security_cookie_complement 0000000140004008     BufferOverflowFastFailK:gs_support.obj
 0003:00000040       MiniYCWatcherData          0000000140004040     minispy.obj
 0003:00000580       StatusToBreakOn            0000000140004580     minispy.obj
 0003:00000584       ExDefaultNonPagedPoolType  0000000140004584     minispy.obj
 0005:00000000       SpyConnect                 0000000140006000 f   minispy.obj
 0005:000000c0       SpyDisconnect              00000001400060c0 f   minispy.obj
 0005:00000160       SpyFilterUnload            0000000140006160 f   minispy.obj
 0005:000001e0       SpyMessage                 00000001400061e0 f   minispy.obj
 0005:00000560       SpyQueryTeardown           0000000140006560 f   minispy.obj
 0005:000005b0       ??_C@_0BN@CLHLOGLC@Client?5connected?5to?5MiniSpy?6@NNGAKEGL@ 00000001400065b0     minispy.obj
 0005:000005d0       ??_C@_0CC@GBHPIKOJ@Client?5disconnected?5from?5MiniSp@NNGAKEGL@ 00000001400065d0     minispy.obj
 0005:00000600       ??_C@_0BG@KLKHHBII@Watching?5process?5?$CFli?6@NNGAKEGL@ 0000000140006600     minispy.obj
 0005:00000620       ??_C@_0BF@LCECFIHI@Watching?5thread?5?$CFli?6@NNGAKEGL@ 0000000140006620     minispy.obj
 0005:00000640       ??_C@_0BD@PBODBCCO@Watching?5path?5?$CFwZ?6@NNGAKEGL@ 0000000140006640     minispy.obj
 0006:00000000       DriverEntry                0000000140007000 f   minispy.obj
 0006:00000270       SpyReadDriverParameters    0000000140007270 f   mspyLib.obj
 0006:00000460       GsDriverEntry              0000000140007460 f   BufferOverflowFastFailK:gs_driverentry.obj
 0006:0000048c       __security_init_cookie     000000014000748c f   BufferOverflowFastFailK:gs_support.obj
 0006:000004c0       ??_C@_1CG@BADKNKGO@?$AA?2?$AAM?$AAi?$AAn?$AAi?$AAY?$AAC?$AAW?$AAa?$AAt?$AAc?$AAh?$AAe?$AAr?$AAP@PBOPGDP@ 00000001400074c0     minispy.obj
 0006:000004f0       ??_C@_0CJ@IEEFPLE@MiniYCWatcher?5?$CFi?4?$CFi?5loaded?5succ@PBOPGDP@ 00000001400074f0     minispy.obj
 0006:00000520       ??_C@_1BG@MHDFHEJC@?$AAM?$AAa?$AAx?$AAR?$AAe?$AAc?$AAo?$AAr?$AAd?$AAs@PBOPGDP@ 0000000140007520     mspyLib.obj
 0006:00000540       ??_C@_1CA@GONDOMMD@?$AAN?$AAa?$AAm?$AAe?$AAQ?$AAu?$AAe?$AAr?$AAy?$AAM?$AAe?$AAt?$AAh?$AAo?$AAd@PBOPGDP@ 0000000140007540     mspyLib.obj
 0006:000005b4       __IMPORT_DESCRIPTOR_ntoskrnl 00000001400075b4     ntoskrnl:ntoskrnl.exe
 0006:000005c8       __IMPORT_DESCRIPTOR_FLTMGR 00000001400075c8     fltMgr:FLTMGR.SYS
 0006:000005dc       __NULL_IMPORT_DESCRIPTOR   00000001400075dc     ntoskrnl:ntoskrnl.exe
 0007:00000000       Contexts                   0000000140008000     RegistrationData.obj
 0007:00000070       FilterRegistration         0000000140008070     RegistrationData.obj
 0007:000000e0       Callbacks                  00000001400080e0     RegistrationData.obj

 entry point at        0006:00000460

 Static symbols

 0002:ffffd000       __guard_fids__             0000000140000000     RegistrationData.obj
 0002:ffffd000       __guard_fids_DriverEntry   0000000140000000     minispy.obj
 0002:ffffd000       __guard_fids__             0000000140000000     BufferOverflowFastFailK:guard_support.obj
 0002:ffffd000       __guard_fids__             0000000140000000     BufferOverflowFastFailK:guard_support.obj
 0002:ffffd000       __guard_fids__guard_icall_checks_enforced 0000000140000000     BufferOverflowFastFailK:guard_support.obj
 0000:ffff5000       .debug$S                   0000000140000000     fltMgr:FLTMGR.SYS
 0000:ffff5000       .debug$S                   0000000140000000     fltMgr:FLTMGR.SYS
 0000:ffff5000       .debug$S                   0000000140000000     fltMgr:FLTMGR.SYS
 0000:ffff5000       .debug$S                   0000000140000000     fltMgr:FLTMGR.SYS
 0000:ffff5000       .debug$S                   0000000140000000     fltMgr:FLTMGR.SYS
 0000:ffff5000       .debug$S                   0000000140000000     fltMgr:FLTMGR.SYS
 0000:ffff5000       .debug$S                   0000000140000000     fltMgr:FLTMGR.SYS
 0000:ffff5000       .debug$S                   0000000140000000     fltMgr:FLTMGR.SYS
 0000:ffff5000       .debug$S                   0000000140000000     fltMgr:FLTMGR.SYS
 0000:ffff5000       .debug$S                   0000000140000000     fltMgr:FLTMGR.SYS
 0000:ffff5000       .debug$S                   0000000140000000     fltMgr:FLTMGR.SYS
 0000:ffff5000       .debug$S                   0000000140000000     fltMgr:FLTMGR.SYS
 0000:ffff5000       .debug$S                   0000000140000000     fltMgr:FLTMGR.SYS
 0000:ffff5000       .debug$S                   0000000140000000     fltMgr:FLTMGR.SYS
 0000:ffff5000       .debug$S                   0000000140000000     fltMgr:FLTMGR.SYS
 0000:ffff5000       .debug$S                   0000000140000000     fltMgr:FLTMGR.SYS
 0000:ffff5000       .debug$S                   0000000140000000     ntoskrnl:ntoskrnl.exe
 0000:ffff5000       .debug$S                   0000000140000000     ntoskrnl:ntoskrnl.exe
 0000:ffff5000       .debug$S                   0000000140000000     ntoskrnl:ntoskrnl.exe
 0000:ffff5000       .debug$S                   0000000140000000     ntoskrnl:ntoskrnl.exe
 0000:ffff5000       .debug$S                   0000000140000000     ntoskrnl:ntoskrnl.exe
 0000:ffff5000       .debug$S                   0000000140000000     ntoskrnl:ntoskrnl.exe
 0000:ffff5000       .debug$S                   0000000140000000     ntoskrnl:ntoskrnl.exe
 0000:ffff5000       .debug$S                   0000000140000000     ntoskrnl:ntoskrnl.exe
 0000:ffff5000       .debug$S                   0000000140000000     ntoskrnl:ntoskrnl.exe
 0000:ffff5000       .debug$S                   0000000140000000     ntoskrnl:ntoskrnl.exe
 0000:ffff5000       .debug$S                   0000000140000000     ntoskrnl:ntoskrnl.exe
 0000:ffff5000       .debug$S                   0000000140000000     ntoskrnl:ntoskrnl.exe
 0000:ffff5000       .debug$S                   0000000140000000     ntoskrnl:ntoskrnl.exe
 0000:ffff5000       .debug$S                   0000000140000000     ntoskrnl:ntoskrnl.exe
 0000:ffff5000       .debug$S                   0000000140000000     ntoskrnl:ntoskrnl.exe
 0000:ffff5000       .debug$S                   0000000140000000     ntoskrnl:ntoskrnl.exe
 0000:ffff5000       .debug$S                   0000000140000000     ntoskrnl:ntoskrnl.exe
 0000:ffff5000       .debug$S                   0000000140000000     ntoskrnl:ntoskrnl.exe
 0000:ffff5000       .debug$S                   0000000140000000     ntoskrnl:ntoskrnl.exe
 0000:ffff5000       .debug$S                   0000000140000000     ntoskrnl:ntoskrnl.exe
 0000:ffff5000       .debug$S                   0000000140000000     ntoskrnl:ntoskrnl.exe
 0000:ffff5000       .debug$S                   0000000140000000     ntoskrnl:ntoskrnl.exe
 0000:ffff5000       .debug$S                   0000000140000000     ntoskrnl:ntoskrnl.exe
 0000:ffff5000       .debug$S                   0000000140000000     ntoskrnl:ntoskrnl.exe
 0000:ffff5000       .debug$S                   0000000140000000     ntoskrnl:ntoskrnl.exe
 0002:ffffd008       __guard_fids__             0000000140000008     RegistrationData.obj
 0002:ffffd030       __guard_fids__             0000000140000030     RegistrationData.obj
 0001:00001610       $$000000                   0000000140002610     BufferOverflowFastFailK:amdsecgs.obj
 0001:00001750       $$000000                   0000000140002750     BufferOverflowFastFailK:guard_dispatch.obj
 0001:00001770       $$000000                   0000000140002770     BufferOverflowFastFailK:guard_xfg_dispatch.obj
 0001:000018b0       SpyGetLog$filt$0           00000001400028b0 f   mspyLib.obj
 0002:00000560       $unwind$ExInitializeNPagedLookasideList_NXPoolOptIn 0000000140003560     minispy.obj
 0002:0000056c       $unwind$SpyPreOperationCallback 000000014000356c     minispy.obj
 0002:00000578       $unwind$SpyConnect         0000000140003578     minispy.obj
 0002:00000578       $unwind$SpyPostOperationCallback 0000000140003578     minispy.obj
 0002:00000584       $unwind$YCStreamContextCleanupCallback 0000000140003584     minispy.obj
 0002:00000584       $unwind$ExFreeToNPagedLookasideList 0000000140003584     mspyLib.obj
 0002:00000584       $unwind$InsertHeadList     0000000140003584     mspyLib.obj
 0002:00000584       $unwind$InsertTailList     0000000140003584     mspyLib.obj
 0002:00000590       $unwind$SpyFilterUnload    0000000140003590     minispy.obj
 0002:0000059c       $unwind$SpyExceptionFilter 000000014000359c     minispy.obj
 0002:0000059c       $unwind$SpyQueryTeardown   000000014000359c     minispy.obj
 0002:000005a8       $unwind$DriverEntry        00000001400035a8     minispy.obj
 0002:000005cc       $unwind$DriverEntry$fin$0  00000001400035cc     minispy.obj
 0002:000005d8       $unwind$SpyMessage         00000001400035d8     minispy.obj
 0002:0000063c       $unwind$SpyMessage$filt$0  000000014000363c     minispy.obj
 0002:0000063c       $unwind$SpyMessage$filt$1  000000014000363c     minispy.obj
 0002:0000063c       $unwind$SpyMessage$filt$2  000000014000363c     minispy.obj
 0002:0000063c       $unwind$SpyMessage$filt$3  000000014000363c     minispy.obj
 0002:0000063c       $unwind$SpyMessage$filt$4  000000014000363c     minispy.obj
 0002:0000063c       $unwind$SpyGetLog$filt$0   000000014000363c     mspyLib.obj
 0002:00000648       $unwind$SpyDisconnect      0000000140003648     minispy.obj
 0002:00000648       $unwind$ExAllocateFromNPagedLookasideList 0000000140003648     mspyLib.obj
 0002:00000648       $unwind$RemoveHeadList     0000000140003648     mspyLib.obj
 0002:00000648       $unwind$SpyAllocateBuffer  0000000140003648     mspyLib.obj
 0002:00000648       $unwind$SpyFreeRecord      0000000140003648     mspyLib.obj
 0002:00000648       $unwind$SpyIsWatchedPath   0000000140003648     mspyLib.obj
 0002:00000648       $unwind$SpyLog             0000000140003648     mspyLib.obj
 0002:00000648       $unwind$SpyLogPreOperationData 0000000140003648     mspyLib.obj
 0002:00000648       $unwind$SpyUpdateWatchedPath 0000000140003648     mspyLib.obj
 0002:00000654       $unwind$IsListEmpty        0000000140003654     mspyLib.obj
 0002:00000660       $unwind$FatalListEntryError 0000000140003660     mspyLib.obj
 0002:0000066c       $unwind$RtlpCheckListEntry 000000014000366c     mspyLib.obj
 0002:0000066c       $unwind$SpyFreeBuffer      000000014000366c     mspyLib.obj
 0002:00000678       $unwind$SpyReadDriverParameters 0000000140003678     mspyLib.obj
 0002:0000068c       $unwind$SpyNewRecord       000000014000368c     mspyLib.obj
 0002:00000698       $unwind$SpyGetEventType    0000000140003698     mspyLib.obj
 0002:000006b0       $unwind$SpyAddRecordName   00000001400036b0     mspyLib.obj
 0002:000006bc       $unwind$SpyLogPostOperationData 00000001400036bc     mspyLib.obj
 0002:000006c8       $unwind$SpyGetLog          00000001400036c8     mspyLib.obj
 0002:000006f0       $unwind$SpyEmptyOutputBufferList 00000001400036f0     mspyLib.obj
 0002:000006fc       $unwind$GsDriverEntry      00000001400036fc     BufferOverflowFastFailK:gs_driverentry.obj
 0002:00000710       $xdatasym                  0000000140003710     BufferOverflowFastFailK:amdsecgs.obj
 0002:00000718       $xdatasym                  0000000140003718     BufferOverflowFastFailK:guard_dispatch.obj
 0002:00000720       $xdatasym                  0000000140003720     BufferOverflowFastFailK:guard_xfg_dispatch.obj
 0002:00000724       $unwind$__GSHandlerCheck   0000000140003724     ntoskrnl:gshandler.obj
 0002:00000724       $unwind$__GSHandlerCheckCommon 0000000140003724     ntoskrnl:gshandler.obj
 0005:00000660       SpyMessage$filt$0          0000000140006660 f   minispy.obj
 0005:00000683       SpyMessage$filt$1          0000000140006683 f   minispy.obj
 0005:000006a6       SpyMessage$filt$2          00000001400066a6 f   minispy.obj
 0005:000006c9       SpyMessage$filt$3          00000001400066c9 f   minispy.obj
 0005:000006ec       SpyMessage$filt$4          00000001400066ec f   minispy.obj
 0006:00000560       DriverEntry$fin$0          0000000140007560 f   minispy.obj
 0006:00000982       .idata$6                   0000000140007982     ntoskrnl:ntoskrnl.exe
 0006:00000b32       .idata$6                   0000000140007b32     fltMgr:FLTMGR.SYS
 0008:000000b0       $R000000                   00000001400090b0     minispy.res
 0008:000000e8       $R000038                   00000001400090e8     minispy.res
