 miniycwatcher

 Timestamp is 62640c54 (Sat Apr 23 22:25:24 2022)

 Preferred load address is 0000000140000000

 Start         Length     Name                   Class
 0001:00000000 00000cd0H .text$mn                CODE
 0001:00000cd0 00000070H .text$mn$00             CODE
 0001:00000d40 000002b0H .text$mn$21             CODE
 0001:00000ff0 000000a3H .text$s                 CODE
 0001:00001093 00000018H .text$x                 CODE
 0002:00000000 00000148H .idata$5                DATA
 0002:00000148 00000028H .00cfg                  DATA
 0002:00000170 00000030H .gfids                  DATA
 0002:0000019c 00000000H .gfids$y                DATA
 0002:000001a0 00000178H .rdata                  DATA
 0002:00000318 00000250H .rdata$zzzdbg           DATA
 0002:00000568 000001e4H .xdata                  DATA
 0003:00000000 00000040H .data                   DATA
 0003:00000040 00000580H .bss                    DATA
 0004:00000000 000001a4H .pdata                  DATA
 0005:00000000 00000280H PAGE                    CODE
 0005:00000280 000000a3H PAGE$s                  CODE
 0005:00000323 00000078H PAGE$x                  CODE
 0006:00000000 000003d0H INIT                    CODE
 0006:000003d0 000000a0H INIT$s                  CODE
 0006:00000470 00000048H INIT$x                  CODE
 0006:000004b8 00000028H .idata$2                CODE
 0006:000004e0 00000018H .idata$3                CODE
 0006:000004f8 00000148H .idata$4                CODE
 0006:00000640 000003ceH .idata$6                CODE
 0007:00000000 000001a0H INIT                    DATA
 0008:00000000 000000b0H .rsrc$01                DATA
 0008:000000b0 000003a8H .rsrc$02                DATA

  Address         Publics by Value              Rva+Base               Lib:Object

 0000:00000000       __x64_code_ranges_to_entry_points 0000000000000000     <absolute>
 0000:00000000       __arm64x_extra_rfe_table   0000000000000000     <absolute>
 0000:00000000       ___safe_se_handler_table   0000000000000000     <absolute>
 0000:00000000       __hybrid_code_map          0000000000000000     <absolute>
 0000:00000000       __volatile_metadata        0000000000000000     <absolute>
 0000:00000000       __arm64x_extra_rfe_table_size 0000000000000000     <absolute>
 0000:00000000       __hybrid_code_map_count    0000000000000000     <absolute>
 0000:00000000       __x64_code_ranges_to_entry_points_count 0000000000000000     <absolute>
 0000:00000000       ___safe_se_handler_count   0000000000000000     <absolute>
 0000:00000000       __arm64x_redirection_metadata 0000000000000000     <absolute>
 0000:00000000       __guard_iat_table          0000000000000000     <absolute>
 0000:00000000       __guard_longjmp_table      0000000000000000     <absolute>
 0000:00000000       __guard_iat_count          0000000000000000     <absolute>
 0000:00000000       __guard_longjmp_count      0000000000000000     <absolute>
 0000:00000000       __dynamic_value_reloc_table 0000000000000000     <absolute>
 0000:00000000       __hybrid_auxiliary_iat     0000000000000000     <absolute>
 0000:00000000       __guard_eh_cont_count      0000000000000000     <absolute>
 0000:00000000       __arm64x_native_entrypoint 0000000000000000     <absolute>
 0000:00000000       __hybrid_auxiliary_iat_copy 0000000000000000     <absolute>
 0000:00000000       __guard_eh_cont_table      0000000000000000     <absolute>
 0000:00000000       __AbsoluteZero             0000000000000000     <absolute>
 0000:00000000       __guard_check_icall_a64n_fptr 0000000000000000     <absolute>
 0000:00000000       __enclave_config           0000000000000000     <absolute>
 0000:00000000       __arm64x_redirection_metadata_count 0000000000000000     <absolute>
 0000:0000000b       __guard_fids_count         000000000000000b     <absolute>
 0000:00014500       __guard_flags              0000000000014500     <absolute>
 0001:00000000       SpyExceptionFilter         0000000140001000 f   minispy.obj
 0001:00000030       SpyPostOperationCallback   0000000140001030 f   minispy.obj
 0001:00000090       SpyPreOperationCallback    0000000140001090 f   minispy.obj
 0001:000002b0       YCStreamContextCleanupCallback 00000001400012b0 f   minispy.obj
 0001:000002b4       SpyAddRecordName           00000001400012b4 f   mspyLib.obj
 0001:00000340       SpyAllocateBuffer          0000000140001340 f   mspyLib.obj
 0001:000003cc       SpyEmptyOutputBufferList   00000001400013cc f   mspyLib.obj
 0001:00000468       SpyFreeBuffer              0000000140001468 f   mspyLib.obj
 0001:000004c8       SpyFreeRecord              00000001400014c8 f   mspyLib.obj
 0001:000004dc       SpyGetEventType            00000001400014dc f   mspyLib.obj
 0001:00000804       SpyGetLog                  0000000140001804 f   mspyLib.obj
 0001:000009bc       SpyIsWatchedPath           00000001400019bc f   mspyLib.obj
 0001:000009f8       SpyLog                     00000001400019f8 f   mspyLib.obj
 0001:00000a50       SpyLogPostOperationData    0000000140001a50 f   mspyLib.obj
 0001:00000a64       SpyLogPreOperationData     0000000140001a64 f   mspyLib.obj
 0001:00000a90       SpyNewRecord               0000000140001a90 f   mspyLib.obj
 0001:00000b00       SpyUpdateWatchedPath       0000000140001b00 f   mspyLib.obj
 0001:00000b80       __security_check_cookie    0000000140001b80 f   BufferOverflowK:amdsecgs.obj
 0001:00000ba0       __report_gsfailure         0000000140001ba0 f   BufferOverflowK:gs_report.obj
 0001:00000bd0       _guard_check_icall_nop     0000000140001bd0 f i BufferOverflowK:guard_check.obj
 0001:00000be0       __C_specific_handler       0000000140001be0 f   ntoskrnl:ntoskrnl.exe
 0001:00000be6       _snwprintf                 0000000140001be6 f   ntoskrnl:ntoskrnl.exe
 0001:00000bec       __GSHandlerCheck           0000000140001bec f   ntoskrnl:gshandler.obj
 0001:00000c0c       __GSHandlerCheckCommon     0000000140001c0c f   ntoskrnl:gshandler.obj
 0001:00000c70       FltRegisterFilter          0000000140001c70 f   fltMgr:FLTMGR.SYS
 0001:00000c76       FltUnregisterFilter        0000000140001c76 f   fltMgr:FLTMGR.SYS
 0001:00000c7c       FltStartFiltering          0000000140001c7c f   fltMgr:FLTMGR.SYS
 0001:00000c82       FltGetFileNameInformation  0000000140001c82 f   fltMgr:FLTMGR.SYS
 0001:00000c88       FltReleaseFileNameInformation 0000000140001c88 f   fltMgr:FLTMGR.SYS
 0001:00000c8e       FltGetDestinationFileNameInformation 0000000140001c8e f   fltMgr:FLTMGR.SYS
 0001:00000c94       FltCreateCommunicationPort 0000000140001c94 f   fltMgr:FLTMGR.SYS
 0001:00000c9a       FltCloseCommunicationPort  0000000140001c9a f   fltMgr:FLTMGR.SYS
 0001:00000ca0       FltCloseClientPort         0000000140001ca0 f   fltMgr:FLTMGR.SYS
 0001:00000ca6       FltBuildDefaultSecurityDescriptor 0000000140001ca6 f   fltMgr:FLTMGR.SYS
 0001:00000cac       FltFreeSecurityDescriptor  0000000140001cac f   fltMgr:FLTMGR.SYS
 0001:00000cb2       FltQueryInformationFile    0000000140001cb2 f   fltMgr:FLTMGR.SYS
 0001:00000cb8       FltAllocateContext         0000000140001cb8 f   fltMgr:FLTMGR.SYS
 0001:00000cbe       FltSetStreamContext        0000000140001cbe f   fltMgr:FLTMGR.SYS
 0001:00000cc4       FltGetStreamContext        0000000140001cc4 f   fltMgr:FLTMGR.SYS
 0001:00000cca       FltReleaseContext          0000000140001cca f   fltMgr:FLTMGR.SYS
 0001:00000ce0       _guard_dispatch_icall_nop  0000000140001ce0 f   BufferOverflowK:guard_dispatch.obj
 0001:00000d00       _guard_xfg_dispatch_icall_nop 0000000140001d00 f   BufferOverflowK:guard_xfg_dispatch.obj
 0001:00000d40       memcpy                     0000000140001d40 f   ntoskrnl:memcpy.obj
 0001:00000d40       memmove                    0000000140001d40 f   ntoskrnl:memcpy.obj
 0001:00000ff0       ??_C@_17JJNMJOBL@?$AA?$CF?$AAw?$AAZ@FNODOBFM@ 0000000140001ff0     mspyLib.obj
 0001:00001000       ??_C@_0BC@DKPIJGKH@Allocate?5Context?6@FNODOBFM@ 0000000140002000     mspyLib.obj
 0001:00001020       ??_C@_0BP@MOCHLFKO@Candidate?5Overwrite?5File?3?5?$CFwZ?6@FNODOBFM@ 0000000140002020     mspyLib.obj
 0001:00001040       ??_C@_0BN@JOLPJDPF@Candidate?5Deleted?5File?3?5?$CFwZ?6@FNODOBFM@ 0000000140002040     mspyLib.obj
 0001:00001060       ??_C@_0BF@LMEEEJEN@FIND?5OVERWRITE?3?5?$CFwZ?6@FNODOBFM@ 0000000140002060     mspyLib.obj
 0001:00001080       ??_C@_0BD@FFBLJNND@FIND?5DELETED?3?5?$CFwZ?6@FNODOBFM@ 0000000140002080     mspyLib.obj
 0002:00000000       __imp_FltGetStreamContext  0000000140003000     fltMgr:FLTMGR.SYS
 0002:00000008       __imp_FltSetStreamContext  0000000140003008     fltMgr:FLTMGR.SYS
 0002:00000010       __imp_FltAllocateContext   0000000140003010     fltMgr:FLTMGR.SYS
 0002:00000018       __imp_FltQueryInformationFile 0000000140003018     fltMgr:FLTMGR.SYS
 0002:00000020       __imp_FltFreeSecurityDescriptor 0000000140003020     fltMgr:FLTMGR.SYS
 0002:00000028       __imp_FltBuildDefaultSecurityDescriptor 0000000140003028     fltMgr:FLTMGR.SYS
 0002:00000030       __imp_FltCloseClientPort   0000000140003030     fltMgr:FLTMGR.SYS
 0002:00000038       __imp_FltCloseCommunicationPort 0000000140003038     fltMgr:FLTMGR.SYS
 0002:00000040       __imp_FltCreateCommunicationPort 0000000140003040     fltMgr:FLTMGR.SYS
 0002:00000048       __imp_FltGetDestinationFileNameInformation 0000000140003048     fltMgr:FLTMGR.SYS
 0002:00000050       __imp_FltReleaseFileNameInformation 0000000140003050     fltMgr:FLTMGR.SYS
 0002:00000058       __imp_FltGetFileNameInformation 0000000140003058     fltMgr:FLTMGR.SYS
 0002:00000060       __imp_FltStartFiltering    0000000140003060     fltMgr:FLTMGR.SYS
 0002:00000068       __imp_FltUnregisterFilter  0000000140003068     fltMgr:FLTMGR.SYS
 0002:00000070       __imp_FltRegisterFilter    0000000140003070     fltMgr:FLTMGR.SYS
 0002:00000078       __imp_FltReleaseContext    0000000140003078     fltMgr:FLTMGR.SYS
 0002:00000080       \177FLTMGR_NULL_THUNK_DATA 0000000140003080     fltMgr:FLTMGR.SYS
 0002:00000088       __imp_ZwClose              0000000140003088     ntoskrnl:ntoskrnl.exe
 0002:00000090       __imp_ZwOpenKey            0000000140003090     ntoskrnl:ntoskrnl.exe
 0002:00000098       __imp_ExpInterlockedPushEntrySList 0000000140003098     ntoskrnl:ntoskrnl.exe
 0002:000000a0       __imp_RtlUpcaseUnicodeString 00000001400030a0     ntoskrnl:ntoskrnl.exe
 0002:000000a8       __imp_FsRtlIsNameInExpression 00000001400030a8     ntoskrnl:ntoskrnl.exe
 0002:000000b0       __imp_KeBugCheckEx         00000001400030b0     ntoskrnl:ntoskrnl.exe
 0002:000000b8       __imp_ExpInterlockedPopEntrySList 00000001400030b8     ntoskrnl:ntoskrnl.exe
 0002:000000c0       __imp_ExQueryDepthSList    00000001400030c0     ntoskrnl:ntoskrnl.exe
 0002:000000c8       __imp_KeReleaseSpinLock    00000001400030c8     ntoskrnl:ntoskrnl.exe
 0002:000000d0       __imp_KeAcquireSpinLockRaiseToDpc 00000001400030d0     ntoskrnl:ntoskrnl.exe
 0002:000000d8       __imp_RtlFreeUnicodeString 00000001400030d8     ntoskrnl:ntoskrnl.exe
 0002:000000e0       __imp__snwprintf           00000001400030e0     ntoskrnl:ntoskrnl.exe
 0002:000000e8       __imp___C_specific_handler 00000001400030e8     ntoskrnl:ntoskrnl.exe
 0002:000000f0       __imp_FsRtlIsNtstatusExpected 00000001400030f0     ntoskrnl:ntoskrnl.exe
 0002:000000f8       __imp_PsGetCurrentThreadId 00000001400030f8     ntoskrnl:ntoskrnl.exe
 0002:00000100       __imp_PsGetCurrentProcessId 0000000140003100     ntoskrnl:ntoskrnl.exe
 0002:00000108       __imp_IoIs32bitProcess     0000000140003108     ntoskrnl:ntoskrnl.exe
 0002:00000110       __imp_ExDeleteNPagedLookasideList 0000000140003110     ntoskrnl:ntoskrnl.exe
 0002:00000118       __imp_ExInitializeNPagedLookasideList 0000000140003118     ntoskrnl:ntoskrnl.exe
 0002:00000120       __imp_RtlSetDaclSecurityDescriptor 0000000140003120     ntoskrnl:ntoskrnl.exe
 0002:00000128       __imp_DbgPrintEx           0000000140003128     ntoskrnl:ntoskrnl.exe
 0002:00000130       __imp_ZwQueryValueKey      0000000140003130     ntoskrnl:ntoskrnl.exe
 0002:00000138       __imp_RtlInitUnicodeString 0000000140003138     ntoskrnl:ntoskrnl.exe
 0002:00000140       \177ntoskrnl_NULL_THUNK_DATA 0000000140003140     ntoskrnl:ntoskrnl.exe
 0002:00000148       __guard_check_icall_fptr   0000000140003148     BufferOverflowK:guard_support.obj
 0002:00000150       __guard_dispatch_icall_fptr 0000000140003150     BufferOverflowK:guard_support.obj
 0002:00000158       __guard_xfg_check_icall_fptr 0000000140003158     BufferOverflowK:guard_support.obj
 0002:00000160       __guard_xfg_dispatch_icall_fptr 0000000140003160     BufferOverflowK:guard_support.obj
 0002:00000168       __guard_xfg_table_dispatch_icall_fptr 0000000140003168     BufferOverflowK:guard_support.obj
 0002:00000170       __guard_fids_table         0000000140003170     <linker-defined>
 0002:000001e0       _load_config_used          00000001400031e0     BufferOverflowK:loadcfg.obj
 0003:00000000       __security_cookie          0000000140004000     BufferOverflowK:gs_support.obj
 0003:00000008       __security_cookie_complement 0000000140004008     BufferOverflowK:gs_support.obj
 0003:00000040       StatusToBreakOn            0000000140004040     minispy.obj
 0003:00000080       MiniYCWatcherData          0000000140004080     minispy.obj
 0005:00000000       SpyConnect                 0000000140006000 f   minispy.obj
 0005:00000030       SpyDisconnect              0000000140006030 f   minispy.obj
 0005:00000080       SpyFilterUnload            0000000140006080 f   minispy.obj
 0005:000000c0       SpyMessage                 00000001400060c0 f   minispy.obj
 0005:00000270       SpyQueryTeardown           0000000140006270 f   minispy.obj
 0005:00000280       ??_C@_0BN@CLHLOGLC@Client?5connected?5to?5MiniSpy?6@NNGAKEGL@ 0000000140006280     minispy.obj
 0005:000002a0       ??_C@_0CC@GBHPIKOJ@Client?5disconnected?5from?5MiniSp@NNGAKEGL@ 00000001400062a0     minispy.obj
 0005:000002d0       ??_C@_0BG@KLKHHBII@Watching?5process?5?$CFli?6@NNGAKEGL@ 00000001400062d0     minispy.obj
 0005:000002f0       ??_C@_0BF@LCECFIHI@Watching?5thread?5?$CFli?6@NNGAKEGL@ 00000001400062f0     minispy.obj
 0005:00000310       ??_C@_0BD@PBODBCCO@Watching?5path?5?$CFwZ?6@NNGAKEGL@ 0000000140006310     minispy.obj
 0006:00000000       DriverEntry                0000000140007000 f   minispy.obj
 0006:00000238       SpyReadDriverParameters    0000000140007238 f   mspyLib.obj
 0006:00000340       GsDriverEntry              0000000140007340 f   BufferOverflowK:gs_support.obj
 0006:0000036c       __security_init_cookie     000000014000736c f   BufferOverflowK:gs_support.obj
 0006:000003d0       ??_C@_1CG@BADKNKGO@?$AA?2?$AAM?$AAi?$AAn?$AAi?$AAY?$AAC?$AAW?$AAa?$AAt?$AAc?$AAh?$AAe?$AAr?$AAP@PBOPGDP@ 00000001400073d0     minispy.obj
 0006:00000400       ??_C@_0CJ@IEEFPLE@MiniYCWatcher?5?$CFi?4?$CFi?5loaded?5succ@PBOPGDP@ 0000000140007400     minispy.obj
 0006:00000430       ??_C@_1BG@MHDFHEJC@?$AAM?$AAa?$AAx?$AAR?$AAe?$AAc?$AAo?$AAr?$AAd?$AAs@PBOPGDP@ 0000000140007430     mspyLib.obj
 0006:00000450       ??_C@_1CA@GONDOMMD@?$AAN?$AAa?$AAm?$AAe?$AAQ?$AAu?$AAe?$AAr?$AAy?$AAM?$AAe?$AAt?$AAh?$AAo?$AAd@PBOPGDP@ 0000000140007450     mspyLib.obj
 0006:000004b8       __IMPORT_DESCRIPTOR_ntoskrnl 00000001400074b8     ntoskrnl:ntoskrnl.exe
 0006:000004cc       __IMPORT_DESCRIPTOR_FLTMGR 00000001400074cc     fltMgr:FLTMGR.SYS
 0006:000004e0       __NULL_IMPORT_DESCRIPTOR   00000001400074e0     ntoskrnl:ntoskrnl.exe
 0007:00000000       FilterRegistration         0000000140008000     RegistrationData.obj
 0007:00000070       Contexts                   0000000140008070     RegistrationData.obj
 0007:000000e0       Callbacks                  00000001400080e0     RegistrationData.obj

 entry point at        0006:00000340

 Static symbols

 0002:ffffd000       __guard_fids__             0000000140000000     RegistrationData.obj
 0002:ffffd000       __guard_fids_DriverEntry   0000000140000000     minispy.obj
 0002:ffffd000       __guard_fids__             0000000140000000     BufferOverflowK:guard_support.obj
 0002:ffffd000       __guard_fids__             0000000140000000     BufferOverflowK:guard_support.obj
 0002:ffffd000       __guard_fids__guard_icall_checks_enforced 0000000140000000     BufferOverflowK:guard_support.obj
 0000:ffff5000       .debug$S                   0000000140000000     fltMgr:FLTMGR.SYS
 0000:ffff5000       .debug$S                   0000000140000000     fltMgr:FLTMGR.SYS
 0000:ffff5000       .debug$S                   0000000140000000     fltMgr:FLTMGR.SYS
 0000:ffff5000       .debug$S                   0000000140000000     fltMgr:FLTMGR.SYS
 0000:ffff5000       .debug$S                   0000000140000000     fltMgr:FLTMGR.SYS
 0000:ffff5000       .debug$S                   0000000140000000     fltMgr:FLTMGR.SYS
 0000:ffff5000       .debug$S                   0000000140000000     fltMgr:FLTMGR.SYS
 0000:ffff5000       .debug$S                   0000000140000000     fltMgr:FLTMGR.SYS
 0000:ffff5000       .debug$S                   0000000140000000     fltMgr:FLTMGR.SYS
 0000:ffff5000       .debug$S                   0000000140000000     fltMgr:FLTMGR.SYS
 0000:ffff5000       .debug$S                   0000000140000000     fltMgr:FLTMGR.SYS
 0000:ffff5000       .debug$S                   0000000140000000     fltMgr:FLTMGR.SYS
 0000:ffff5000       .debug$S                   0000000140000000     fltMgr:FLTMGR.SYS
 0000:ffff5000       .debug$S                   0000000140000000     fltMgr:FLTMGR.SYS
 0000:ffff5000       .debug$S                   0000000140000000     fltMgr:FLTMGR.SYS
 0000:ffff5000       .debug$S                   0000000140000000     fltMgr:FLTMGR.SYS
 0000:ffff5000       .debug$S                   0000000140000000     ntoskrnl:ntoskrnl.exe
 0000:ffff5000       .debug$S                   0000000140000000     ntoskrnl:ntoskrnl.exe
 0000:ffff5000       .debug$S                   0000000140000000     ntoskrnl:ntoskrnl.exe
 0000:ffff5000       .debug$S                   0000000140000000     ntoskrnl:ntoskrnl.exe
 0000:ffff5000       .debug$S                   0000000140000000     ntoskrnl:ntoskrnl.exe
 0000:ffff5000       .debug$S                   0000000140000000     ntoskrnl:ntoskrnl.exe
 0000:ffff5000       .debug$S                   0000000140000000     ntoskrnl:ntoskrnl.exe
 0000:ffff5000       .debug$S                   0000000140000000     ntoskrnl:ntoskrnl.exe
 0000:ffff5000       .debug$S                   0000000140000000     ntoskrnl:ntoskrnl.exe
 0000:ffff5000       .debug$S                   0000000140000000     ntoskrnl:ntoskrnl.exe
 0000:ffff5000       .debug$S                   0000000140000000     ntoskrnl:ntoskrnl.exe
 0000:ffff5000       .debug$S                   0000000140000000     ntoskrnl:ntoskrnl.exe
 0000:ffff5000       .debug$S                   0000000140000000     ntoskrnl:ntoskrnl.exe
 0000:ffff5000       .debug$S                   0000000140000000     ntoskrnl:ntoskrnl.exe
 0000:ffff5000       .debug$S                   0000000140000000     ntoskrnl:ntoskrnl.exe
 0000:ffff5000       .debug$S                   0000000140000000     ntoskrnl:ntoskrnl.exe
 0000:ffff5000       .debug$S                   0000000140000000     ntoskrnl:ntoskrnl.exe
 0000:ffff5000       .debug$S                   0000000140000000     ntoskrnl:ntoskrnl.exe
 0000:ffff5000       .debug$S                   0000000140000000     ntoskrnl:ntoskrnl.exe
 0000:ffff5000       .debug$S                   0000000140000000     ntoskrnl:ntoskrnl.exe
 0000:ffff5000       .debug$S                   0000000140000000     ntoskrnl:ntoskrnl.exe
 0000:ffff5000       .debug$S                   0000000140000000     ntoskrnl:ntoskrnl.exe
 0000:ffff5000       .debug$S                   0000000140000000     ntoskrnl:ntoskrnl.exe
 0002:ffffd008       __guard_fids__             0000000140000008     RegistrationData.obj
 0002:ffffd030       __guard_fids__             0000000140000030     RegistrationData.obj
 0001:00000b70       $$000000                   0000000140001b70     BufferOverflowK:amdsecgs.obj
 0001:00000cd0       $$000000                   0000000140001cd0     BufferOverflowK:guard_dispatch.obj
 0001:00000cf0       $$000000                   0000000140001cf0     BufferOverflowK:guard_xfg_dispatch.obj
 0001:00000d40       $$000000                   0000000140001d40     ntoskrnl:memcpy.obj
 0001:00001093       SpyGetLog$filt$0           0000000140002093 f   mspyLib.obj
 0002:00000568       $unwind$SpyPreOperationCallback 0000000140003568     minispy.obj
 0002:00000580       $unwind$SpyPostOperationCallback 0000000140003580     minispy.obj
 0002:00000580       $unwind$SpyAllocateBuffer  0000000140003580     mspyLib.obj
 0002:00000590       $unwind$SpyConnect         0000000140003590     minispy.obj
 0002:00000590       $unwind$SpyFilterUnload    0000000140003590     minispy.obj
 0002:00000590       $unwind$SpyIsWatchedPath   0000000140003590     mspyLib.obj
 0002:00000590       $unwind$SpyNewRecord       0000000140003590     mspyLib.obj
 0002:0000059c       $unwind$SpyExceptionFilter 000000014000359c     minispy.obj
 0002:0000059c       $unwind$SpyLogPreOperationData 000000014000359c     mspyLib.obj
 0002:0000059c       $unwind$SpyUpdateWatchedPath 000000014000359c     mspyLib.obj
 0002:000005a8       $unwind$DriverEntry        00000001400035a8     minispy.obj
 0002:000005d8       $unwind$DriverEntry$fin$0  00000001400035d8     minispy.obj
 0002:000005e4       $unwind$SpyMessage         00000001400035e4     minispy.obj
 0002:0000064c       $unwind$SpyMessage$filt$0  000000014000364c     minispy.obj
 0002:0000064c       $unwind$SpyMessage$filt$1  000000014000364c     minispy.obj
 0002:0000064c       $unwind$SpyMessage$filt$2  000000014000364c     minispy.obj
 0002:0000064c       $unwind$SpyMessage$filt$3  000000014000364c     minispy.obj
 0002:0000064c       $unwind$SpyMessage$filt$4  000000014000364c     minispy.obj
 0002:0000064c       $unwind$SpyGetLog$filt$0   000000014000364c     mspyLib.obj
 0002:00000658       $unwind$SpyDisconnect      0000000140003658     minispy.obj
 0002:00000664       $unwind$SpyReadDriverParameters 0000000140003664     mspyLib.obj
 0002:0000067c       $unwind$SpyFreeBuffer      000000014000367c     mspyLib.obj
 0002:00000688       $unwind$SpyGetEventType    0000000140003688     mspyLib.obj
 0002:000006a8       $unwind$SpyAddRecordName   00000001400036a8     mspyLib.obj
 0002:000006bc       $unwind$SpyLog             00000001400036bc     mspyLib.obj
 0002:000006c8       $unwind$SpyGetLog          00000001400036c8     mspyLib.obj
 0002:000006fc       $unwind$SpyEmptyOutputBufferList 00000001400036fc     mspyLib.obj
 0002:0000070c       $unwind$GsDriverEntry      000000014000370c     BufferOverflowK:gs_support.obj
 0002:00000720       $xdatasym                  0000000140003720     BufferOverflowK:amdsecgs.obj
 0002:00000724       $unwind$__report_gsfailure 0000000140003724     BufferOverflowK:gs_report.obj
 0002:00000730       $xdatasym                  0000000140003730     BufferOverflowK:guard_dispatch.obj
 0002:00000738       $xdatasym                  0000000140003738     BufferOverflowK:guard_xfg_dispatch.obj
 0002:0000073c       $unwind$__GSHandlerCheck   000000014000373c     ntoskrnl:gshandler.obj
 0002:0000073c       $unwind$__GSHandlerCheckCommon 000000014000373c     ntoskrnl:gshandler.obj
 0002:00000748       $xdatasym                  0000000140003748     ntoskrnl:memcpy.obj
 0005:00000323       SpyMessage$filt$4          0000000140006323 f   minispy.obj
 0005:0000033b       SpyMessage$filt$3          000000014000633b f   minispy.obj
 0005:00000353       SpyMessage$filt$2          0000000140006353 f   minispy.obj
 0005:0000036b       SpyMessage$filt$1          000000014000636b f   minispy.obj
 0005:00000383       SpyMessage$filt$0          0000000140006383 f   minispy.obj
 0006:00000470       DriverEntry$fin$0          0000000140007470 f   minispy.obj
 0006:00000852       .idata$6                   0000000140007852     ntoskrnl:ntoskrnl.exe
 0006:00000a02       .idata$6                   0000000140007a02     fltMgr:FLTMGR.SYS
 0008:000000b0       $R000000                   00000001400090b0     minispy.res
 0008:000000e8       $R000038                   00000001400090e8     minispy.res
